{"count":1,"nextHref":"/guestAuth/app/rest/builds/?locator=buildType:bt123,count:1,start:1,status:SUCCESS,pinned:true","build":[{"id":557202,"number":"123","status":"SUCCESS","buildTypeId":"bt123","startDate":"20140211T061455-0800","href":"/guestAuth/app/rest/builds/id:557202","webUrl":"http://TeamCity/viewLog.html?buildId=557202&buildTypeId=bt2280"}]}